
Merging object attributes


Merging program properties

Removed property 0xc0010001 to merge interrupts.o (0x1) and kernel_entry.o (not found)
Removed property 0xc0010002 to merge interrupts.o (0x0) and kernel_entry.o (not found)
Removed property 0xc0010001 to merge interrupts.o (not found) and paging.o (0x1)
Removed property 0xc0010002 to merge interrupts.o (not found) and paging.o (0x1)
Removed property 0xc0010001 to merge interrupts.o (not found) and process.o (0x1)
Removed property 0xc0010002 to merge interrupts.o (not found) and process.o (0x1)
Removed property 0xc0010001 to merge interrupts.o (not found) and syscall.o (0x1)
Removed property 0xc0010002 to merge interrupts.o (not found) and syscall.o (0x0)
Removed property 0xc0010001 to merge interrupts.o (not found) and sync.o (0x1)
Removed property 0xc0010002 to merge interrupts.o (not found) and sync.o (0x0)
Removed property 0xc0010001 to merge interrupts.o (not found) and log.o (0x1)
Removed property 0xc0010002 to merge interrupts.o (not found) and log.o (0x0)
Removed property 0xc0010001 to merge interrupts.o (not found) and driver.o (0x1)
Removed property 0xc0010002 to merge interrupts.o (not found) and driver.o (0x0)
Removed property 0xc0010001 to merge interrupts.o (not found) and pipe.o (0x1)
Removed property 0xc0010002 to merge interrupts.o (not found) and pipe.o (0x0)
Removed property 0xc0010001 to merge interrupts.o (not found) and vfs.o (0x1)
Removed property 0xc0010002 to merge interrupts.o (not found) and vfs.o (0x0)
Removed property 0xc0010001 to merge interrupts.o (not found) and elf.o (0x1)
Removed property 0xc0010002 to merge interrupts.o (not found) and elf.o (0x0)
Removed property 0xc0010001 to merge interrupts.o (not found) and hexa.o (0x1)
Removed property 0xc0010002 to merge interrupts.o (not found) and hexa.o (0x1)

Discarded input sections

 .note.gnu.property
                0x00000000       0x28 interrupts.o
 .note.gnu.property
                0x00000000       0x28 paging.o
 .note.gnu.property
                0x00000000       0x28 process.o
 .note.gnu.property
                0x00000000       0x28 syscall.o
 .note.gnu.property
                0x00000000       0x28 sync.o
 .note.gnu.property
                0x00000000       0x28 log.o
 .note.gnu.property
                0x00000000       0x28 driver.o
 .note.gnu.property
                0x00000000       0x28 pipe.o
 .note.gnu.property
                0x00000000       0x28 vfs.o
 .note.gnu.property
                0x00000000       0x28 elf.o
 .note.gnu.property
                0x00000000       0x28 hexa.o

Memory Configuration

Name             Origin             Length             Attributes
*default*        0x00000000         0xffffffff

Linker script and memory map

                0x00010000                        . = 0x10000

.text           0x00010000    0x123b0
 *(.text.entry)
 .text.entry    0x00010000      0x6af hexa.o
                0x00010000                kernel_entry
                0x00010000                kernel_main
 *(.text)
 *fill*         0x000106af        0x1 
 .text          0x000106b0      0x1dd kernel_entry.o
                0x000106b0                isr0
                0x000106b9                isr1
                0x000106c2                isr2
                0x000106cb                isr3
                0x000106d4                isr4
                0x000106dd                isr5
                0x000106e6                isr6
                0x000106ef                isr7
                0x000106f8                isr8
                0x000106fc                isr9
                0x00010702                isr10
                0x00010706                isr11
                0x0001070a                isr12
                0x0001070e                isr13
                0x00010712                isr14
                0x00010716                isr15
                0x0001071c                isr16
                0x00010722                isr17
                0x00010726                isr18
                0x0001072c                isr19
                0x00010732                isr20
                0x00010738                isr21
                0x0001073e                isr22
                0x00010744                isr23
                0x0001074a                isr24
                0x00010750                isr25
                0x00010756                isr26
                0x0001075c                isr27
                0x00010762                isr28
                0x00010768                isr29
                0x0001076e                isr30
                0x00010772                isr31
                0x000107a0                irq0
                0x000107a6                irq1
                0x000107ac                irq2
                0x000107b2                irq3
                0x000107b8                irq4
                0x000107be                irq5
                0x000107c4                irq6
                0x000107ca                irq7
                0x000107d0                irq8
                0x000107d6                irq9
                0x000107dc                irq10
                0x000107e2                irq11
                0x000107e8                irq12
                0x000107ee                irq13
                0x000107f4                irq14
                0x000107fa                irq15
                0x00010828                syscall_stub
                0x0001085a                tss_flush
                0x00010862                switch_task
                0x0001086f                enter_userspace
 .text          0x0001088d      0xb59 interrupts.o
                0x000108c7                idt_set_gate
                0x0001091b                pic_remap
                0x000109bd                pit_init
                0x00010a19                idt_init
                0x00010f0b                setup_gdt
                0x0001100a                setup_tss
                0x0001105d                put_hex32
                0x000110cc                isr_handler
                0x00011246                irq_handler
                0x00011388                kb_getchar
 .text          0x000113e6      0x954 paging.o
                0x000113e6                pmm_get_total_pages
                0x0001147a                pmm_init
                0x00011550                pmm_alloc
                0x000115e6                pmm_free
                0x0001161f                pmm_count_free
                0x0001165b                paging_init
                0x00011740                get_kernel_page_dir
                0x0001174a                create_user_page_dir
                0x000117c4                switch_page_dir
                0x000117d6                map_page
                0x000118b4                unmap_page
                0x0001192e                page_fault_handler
                0x00011a9f                kheap_init
                0x00011b28                kmalloc
                0x00011bf4                kfree
                0x00011cad                krealloc
 .text          0x00011d3a      0xdda process.o
                0x00011da8                proc_init
                0x00011f8a                proc_create
                0x000121c3                proc_create_user
                0x00012418                proc_exit
                0x00012572                proc_wait
                0x00012615                proc_kill
                0x000126cd                proc_reap_zombies
                0x00012713                proc_get_fd_entry
                0x000127ae                proc_alloc_fd
                0x000128bd                proc_free_fd
                0x00012940                schedule
                0x00012b0c                yield
 .text          0x00012b14      0x7de syscall.o
                0x00012b14                sys_validate_str
                0x00012b59                sys_validate_buf
                0x00012eac                syscall_handler
 .text          0x000132f2       0xf9 sync.o
                0x00013300                mutex_init
                0x00013319                mutex_lock
                0x0001333b                mutex_trylock
                0x00013352                mutex_unlock
                0x0001336c                sem_init
                0x00013384                sem_wait
                0x000133c4                sem_signal
 .text          0x000133eb      0x392 log.o
                0x00013499                log_init
                0x000134d2                log_write
                0x00013600                log_write_hex
                0x000136b8                log_dump
                0x00013704                log_get
                0x00013773                log_get_count
 .text          0x0001377d      0x16d driver.o
                0x0001377d                drv_register_block
                0x0001380d                drv_register_char
                0x00013881                drv_get_block
                0x000138af                drv_get_char
                0x000138d6                drv_block_count
                0x000138e0                drv_char_count
 .text          0x000138ea      0x32f pipe.o
                0x000138f8                pipe_create
                0x000139ee                pipe_read
                0x00013abb                pipe_write
                0x00013b86                pipe_close
 .text          0x00013c19      0x88d vfs.o
                0x00013cbd                vfs_init
                0x00013cf5                vfs_open
                0x00013e10                vfs_close
                0x00013e5d                vfs_read
                0x0001402c                vfs_write
                0x0001423a                vfs_lseek
                0x00014323                vfs_stat
                0x00014411                vfs_dup
 .text          0x000144a6      0x1b1 elf.o
                0x000144a6                elf_validate
                0x000144fd                elf_load
 .text          0x00014657     0xdd59 hexa.o
                0x000146d5                strcmp
                0x00014714                strcpy
                0x00014744                strlen
                0x0001476b                memset
                0x00014799                memcpy
                0x000147d6                strcat
                0x00014816                atoi
                0x000148a6                itoa
                0x00014c86                get_update_in_progress_flag
                0x00014ca9                get_rtc_register
                0x00014cc9                pci_config_read_word
                0x00014d3f                update_cursor
                0x00014e02                put_char
                0x00014fd0                print_string
                0x00015004                print_color
                0x00015034                clear_screen
                0x000150b2                get_char
                0x000152c2                get_line
                0x000155fd                sleep_ticks
                0x00015626                rand
                0x0001564d                cmd_help
                0x000157f2                cmd_kaput
                0x00015805                cmd_date
                0x00015a65                cmd_cpuinfo
                0x00015b49                cmd_lspci
                0x00015cb6                cmd_calc
                0x00015eb2                cmd_ascii
                0x00015f24                cmd_palette
                0x00015fb2                cmd_hex
                0x00015ffb                cmd_reverse
                0x00016056                cmd_matrix
                0x000160ff                cmd_guess
                0x000161bc                cmd_panic
                0x000162f1                kb_hit
                0x0001632d                getch_nb
                0x0001640c                cmd_snake
                0x00016fde                cmd_tetris
                0x000174e6                cmd_tictactoe
                0x0001787b                cmd_memory
                0x00017ae2                cmd_hangman
                0x00017f2a                cmd_neofetch
                0x0001873d                init_users
                0x0001878a                do_login
                0x00018a19                find_file
                0x00018a60                cmd_touch
                0x00018ca2                cmd_ls
                0x00018dfd                check_perm
                0x00018efb                cmd_cat
                0x00018f6f                cmd_rm
                0x00019028                cmd_write
                0x0001920d                cmd_append
                0x00019444                cmd_edit
                0x0001962d                cmd_useradd
                0x00019779                cmd_passwd
                0x00019834                cmd_login
                0x0001990d                cmd_logout
                0x0001991b                cmd_chmod
                0x00019b8b                cmd_chown
                0x00019d6c                cmd_banner
                0x00019e6d                cmd_yes
                0x00019ee9                cmd_time
                0x0001a05c                cmd_fortune
                0x0001a126                cmd_shutdown
                0x0001a14a                cmd_hostname
                0x0001a1ba                cmd_id
                0x0001a24d                cmd_wc
                0x0001a3de                cmd_tail
                0x0001a66b                cmd_hist
                0x0001a720                cmd_which
                0x0001a7ce                cmd_true
                0x0001a7d4                cmd_false
                0x0001a7da                cmd_sort
                0x0001aa30                cmd_env
                0x0001aae4                cmd_alias
                0x0001ad29                cmd_unalias
                0x0001ae29                cmd_grep
                0x0001b191                cmd_find
                0x0001b218                cmd_diff
                0x0001b717                cmd_uniq
                0x0001b8d9                cmd_pwd
                0x0001b90f                cmd_mkdir
                0x0001ba43                cmd_tee
                0x0001bc91                cmd_basename
                0x0001bd0b                cmd_dirname
                0x0001bdb7                cmd_ps
                0x0001bf8e                cmd_kill
                0x0001c024                cmd_seq
                0x0001c186                cmd_tr
                0x0001c421                cmd_dmesg
                0x0001c4a3                cmd_wait_child
                0x0001c54d                cmd_who
                0x0001c5f5                cmd_cowsay
                0x0001c74f                cmd_cmatrix
                0x0001ca84                cmd_dice
                0x0001cc75                cmd_8ball
                0x0001cd3f                cmd_logo
                0x0001ce19                cmd_sl
                0x0001cf70                cmd_morse
                0x0001d0bf                cmd_russian
                0x0001d150                cmd_insult
                0x0001d1e8                cmd_excuse
                0x0001d280                cmd_compliment
                0x0001d318                cmd_hack
                0x0001d453                cmd_bsod
                0x0001d51d                cmd_clock
                0x0001d920                cmd_free
                0x0001dc9a                cmd_ping
                0x0001df35                cmd_factor
                0x0001e050                cmd_hexdump
                0x0001e29c                cmd_du
                0x0001e494                cmd_rev
                0x0001e550                cmd_shasum
                0x0001e689                cmd_uptime_fmt
                0x0001e81c                cmd_watch
                0x0001ea43                cmd_sysinfo
                0x00022373                shell_entry
                0x00022382                _user_entry

.iplt           0x000223b0        0x0
 .iplt          0x000223b0        0x0 kernel_entry.o

.rodata         0x000223c0     0x371a
 *(.rodata)
 .rodata        0x000223c0      0x2d5 interrupts.o
 *fill*         0x00022695        0x3 
 .rodata        0x00022698       0x80 paging.o
 .rodata        0x00022718        0x7 syscall.o
 .rodata        0x0002271f       0x30 log.o
 *fill*         0x0002274f       0x11 
 .rodata        0x00022760     0x337a hexa.o
                0x00022780                kbd_map
                0x00022800                kbd_map_shift

.eh_frame       0x00025adc     0x211c
 .eh_frame      0x00025adc      0x1f8 interrupts.o
 .eh_frame      0x00025cd4      0x294 paging.o
                                0x2ac (size before relaxing)
 .eh_frame      0x00025f68      0x1fc process.o
                                0x214 (size before relaxing)
 .eh_frame      0x00026164      0x260 syscall.o
                                0x278 (size before relaxing)
 .eh_frame      0x000263c4      0x120 sync.o
                                0x138 (size before relaxing)
 .eh_frame      0x000264e4      0x180 log.o
                                0x198 (size before relaxing)
 .eh_frame      0x00026664       0xc0 driver.o
                                 0xd8 (size before relaxing)
 .eh_frame      0x00026724       0xc0 pipe.o
                                 0xd8 (size before relaxing)
 .eh_frame      0x000267e4      0x120 vfs.o
                                0x138 (size before relaxing)
 .eh_frame      0x00026904       0x40 elf.o
                                 0x58 (size before relaxing)
 .eh_frame      0x00026944     0x12b4 hexa.o
                               0x12cc (size before relaxing)

.rel.dyn        0x00027bf8        0x0
 .rel.got       0x00027bf8        0x0 kernel_entry.o
 .rel.iplt      0x00027bf8        0x0 kernel_entry.o
 .rel.text.entry
                0x00027bf8        0x0 kernel_entry.o

.data           0x00027c00     0x565c
 *(.data)
 .data          0x00027c00       0x54 interrupts.o
 .data          0x00027c54        0x0 paging.o
 .data          0x00027c54        0x4 process.o
 .data          0x00027c58        0x0 syscall.o
 .data          0x00027c58        0x0 sync.o
 .data          0x00027c58       0x10 log.o
 .data          0x00027c68        0x0 driver.o
 .data          0x00027c68        0x0 pipe.o
 .data          0x00027c68        0x0 vfs.o
 .data          0x00027c68        0x0 elf.o
 *fill*         0x00027c68       0x18 
 .data          0x00027c80     0x55dc hexa.o
                0x0002d25c                        _bss_start = .

.got            0x0002d25c        0x0
 .got           0x0002d25c        0x0 kernel_entry.o

.got.plt        0x0002d25c        0x0
 .got.plt       0x0002d25c        0x0 kernel_entry.o

.igot.plt       0x0002d25c        0x0
 .igot.plt      0x0002d25c        0x0 kernel_entry.o

.bss            0x0002d260    0x55520
 *(.bss)
 .bss           0x0002d260      0x996 interrupts.o
                0x0002d260                system_ticks
                0x0002d280                kbuf
                0x0002d380                kbuf_head
                0x0002d384                kbuf_tail
 *fill*         0x0002dbf6        0xa 
 .bss           0x0002dc00      0x41c paging.o
 *fill*         0x0002e01c        0x4 
 .bss           0x0002e020    0x21470 process.o
                0x0002e020                tasks
                0x0004f420                current_task
                0x0004f424                num_tasks
 .bss           0x0004f490        0x0 syscall.o
 .bss           0x0004f490        0x0 sync.o
 *fill*         0x0004f490       0x10 
 .bss           0x0004f4a0     0x1060 log.o
 .bss           0x00050500      0x208 driver.o
                0x00050500                drv_block_devices
                0x00050620                drv_char_devices
 *fill*         0x00050708       0x18 
 .bss           0x00050720    0x10180 pipe.o
 .bss           0x000608a0      0xa00 vfs.o
 .bss           0x000612a0        0x0 elf.o
 .bss           0x000612a0    0x214e0 hexa.o
                0x000612a0                f_table
                0x000813a0                f_count
                0x000813a4                disk_ok
                0x00082780                        _bss_end = .
                0x00083000                        . = ALIGN (0x1000)
                0x00083000                        _kernel_end = .
LOAD kernel_entry.o
LOAD interrupts.o
LOAD paging.o
LOAD process.o
LOAD syscall.o
LOAD sync.o
LOAD log.o
LOAD driver.o
LOAD pipe.o
LOAD vfs.o
LOAD elf.o
LOAD hexa.o
OUTPUT(kernel.elf elf32-i386)

.debug_info     0x00000000     0x8042
 .debug_info    0x00000000      0x90c interrupts.o
 .debug_info    0x0000090c      0x84f paging.o
 .debug_info    0x0000115b      0x855 process.o
 .debug_info    0x000019b0      0x98c syscall.o
 .debug_info    0x0000233c      0x1e8 sync.o
 .debug_info    0x00002524      0x39b log.o
 .debug_info    0x000028bf      0x2ed driver.o
 .debug_info    0x00002bac      0x320 pipe.o
 .debug_info    0x00002ecc      0x5e4 vfs.o
 .debug_info    0x000034b0      0x30a elf.o
 .debug_info    0x000037ba     0x4888 hexa.o

.debug_abbrev   0x00000000     0x1773
 .debug_abbrev  0x00000000      0x273 interrupts.o
 .debug_abbrev  0x00000273      0x1f8 paging.o
 .debug_abbrev  0x0000046b      0x289 process.o
 .debug_abbrev  0x000006f4      0x26f syscall.o
 .debug_abbrev  0x00000963      0x107 sync.o
 .debug_abbrev  0x00000a6a      0x1b0 log.o
 .debug_abbrev  0x00000c1a      0x141 driver.o
 .debug_abbrev  0x00000d5b      0x17b pipe.o
 .debug_abbrev  0x00000ed6      0x1f3 vfs.o
 .debug_abbrev  0x000010c9      0x12b elf.o
 .debug_abbrev  0x000011f4      0x57f hexa.o

.debug_aranges  0x00000000      0x168
 .debug_aranges
                0x00000000       0x20 interrupts.o
 .debug_aranges
                0x00000020       0x20 paging.o
 .debug_aranges
                0x00000040       0x20 process.o
 .debug_aranges
                0x00000060       0x20 syscall.o
 .debug_aranges
                0x00000080       0x20 sync.o
 .debug_aranges
                0x000000a0       0x20 log.o
 .debug_aranges
                0x000000c0       0x20 driver.o
 .debug_aranges
                0x000000e0       0x20 pipe.o
 .debug_aranges
                0x00000100       0x20 vfs.o
 .debug_aranges
                0x00000120       0x20 elf.o
 .debug_aranges
                0x00000140       0x28 hexa.o

.debug_rnglists
                0x00000000       0xfd
 .debug_rnglists
                0x00000000       0x17 interrupts.o
 .debug_rnglists
                0x00000017       0xe6 hexa.o

.debug_line     0x00000000     0x9424
 .debug_line    0x00000000      0x3e8 interrupts.o
 .debug_line    0x000003e8      0x5ea paging.o
 .debug_line    0x000009d2      0x66d process.o
 .debug_line    0x0000103f      0x3c3 syscall.o
 .debug_line    0x00001402      0x108 sync.o
 .debug_line    0x0000150a      0x272 log.o
 .debug_line    0x0000177c       0xf0 driver.o
 .debug_line    0x0000186c      0x1d5 pipe.o
 .debug_line    0x00001a41      0x427 vfs.o
 .debug_line    0x00001e68      0x177 elf.o
 .debug_line    0x00001fdf     0x7445 hexa.o

.debug_str      0x00000000     0x149c
 .debug_str     0x00000000     0x149c interrupts.o
                                0x3e6 (size before relaxing)
 .debug_str     0x0000149c        0x0 paging.o
                                0x30d (size before relaxing)
 .debug_str     0x0000149c        0x0 process.o
                                0x2ea (size before relaxing)
 .debug_str     0x0000149c        0x0 syscall.o
                                0x37a (size before relaxing)
 .debug_str     0x0000149c        0x0 sync.o
                                0x141 (size before relaxing)
 .debug_str     0x0000149c        0x0 log.o
                                0x186 (size before relaxing)
 .debug_str     0x0000149c        0x0 driver.o
                                0x1b3 (size before relaxing)
 .debug_str     0x0000149c        0x0 pipe.o
                                0x17e (size before relaxing)
 .debug_str     0x0000149c        0x0 vfs.o
                                0x22e (size before relaxing)
 .debug_str     0x0000149c        0x0 elf.o
                                0x1c5 (size before relaxing)
 .debug_str     0x0000149c        0x0 hexa.o
                                0xced (size before relaxing)

.debug_line_str
                0x00000000       0xcc
 .debug_line_str
                0x00000000       0xcc interrupts.o
                                 0x84 (size before relaxing)
 .debug_line_str
                0x000000cc        0x0 paging.o
                                 0x6b (size before relaxing)
 .debug_line_str
                0x000000cc        0x0 process.o
                                 0x88 (size before relaxing)
 .debug_line_str
                0x000000cc        0x0 syscall.o
                                 0x95 (size before relaxing)
 .debug_line_str
                0x000000cc        0x0 sync.o
                                 0x66 (size before relaxing)
 .debug_line_str
                0x000000cc        0x0 log.o
                                 0x5c (size before relaxing)
 .debug_line_str
                0x000000cc        0x0 driver.o
                                 0x6e (size before relaxing)
 .debug_line_str
                0x000000cc        0x0 pipe.o
                                 0x70 (size before relaxing)
 .debug_line_str
                0x000000cc        0x0 vfs.o
                                 0x73 (size before relaxing)
 .debug_line_str
                0x000000cc        0x0 elf.o
                                 0x62 (size before relaxing)
 .debug_line_str
                0x000000cc        0x0 hexa.o
                                 0x8b (size before relaxing)

.comment        0x00000000       0x1b
 .comment       0x00000000       0x1b interrupts.o
                                 0x1c (size before relaxing)
 .comment       0x0000001b        0x0 paging.o
                                 0x1c (size before relaxing)
 .comment       0x0000001b        0x0 process.o
                                 0x1c (size before relaxing)
 .comment       0x0000001b        0x0 syscall.o
                                 0x1c (size before relaxing)
 .comment       0x0000001b        0x0 sync.o
                                 0x1c (size before relaxing)
 .comment       0x0000001b        0x0 log.o
                                 0x1c (size before relaxing)
 .comment       0x0000001b        0x0 driver.o
                                 0x1c (size before relaxing)
 .comment       0x0000001b        0x0 pipe.o
                                 0x1c (size before relaxing)
 .comment       0x0000001b        0x0 vfs.o
                                 0x1c (size before relaxing)
 .comment       0x0000001b        0x0 elf.o
                                 0x1c (size before relaxing)
 .comment       0x0000001b        0x0 hexa.o
                                 0x1c (size before relaxing)

.note.GNU-stack
                0x00000000        0x0
 .note.GNU-stack
                0x00000000        0x0 interrupts.o
 .note.GNU-stack
                0x00000000        0x0 paging.o
 .note.GNU-stack
                0x00000000        0x0 process.o
 .note.GNU-stack
                0x00000000        0x0 syscall.o
 .note.GNU-stack
                0x00000000        0x0 sync.o
 .note.GNU-stack
                0x00000000        0x0 log.o
 .note.GNU-stack
                0x00000000        0x0 driver.o
 .note.GNU-stack
                0x00000000        0x0 pipe.o
 .note.GNU-stack
                0x00000000        0x0 vfs.o
 .note.GNU-stack
                0x00000000        0x0 elf.o
 .note.GNU-stack
                0x00000000        0x0 hexa.o
